18:24:35 **** Incremental Build of configuration Debug for project soe-tp1_04-application ****
make -j16 all 
arm-none-eabi-gcc "../app/src/task_btn.c" -mcpu=cortex-m3 -std=gnu11 -g3 -DDEBUG -DUSE_HAL_DRIVER -DSTM32F103xB -c -I../Core/Inc -I../Drivers/STM32F1xx_HAL_Driver/Inc -I../Drivers/STM32F1xx_HAL_Driver/Inc/Legacy -I../Drivers/CMSIS/Device/ST/STM32F1xx/Include -I../Drivers/CMSIS/Include -I../app/inc -I../Middlewares/Third_Party/FreeRTOS/Source/include -I../Middlewares/Third_Party/FreeRTOS/Source/CMSIS_RTOS -I../Middlewares/Third_Party/FreeRTOS/Source/portable/GCC/ARM_CM3 -O0 -ffunction-sections -fdata-sections -Wall -fstack-usage -fcyclomatic-complexity -MMD -MP -MF"app/src/task_btn.d" -MT"app/src/task_btn.o" --specs=nano.specs -mfloat-abi=soft -mthumb -o "app/src/task_btn.o"
arm-none-eabi-gcc "../app/src/task_led.c" -mcpu=cortex-m3 -std=gnu11 -g3 -DDEBUG -DUSE_HAL_DRIVER -DSTM32F103xB -c -I../Core/Inc -I../Drivers/STM32F1xx_HAL_Driver/Inc -I../Drivers/STM32F1xx_HAL_Driver/Inc/Legacy -I../Drivers/CMSIS/Device/ST/STM32F1xx/Include -I../Drivers/CMSIS/Include -I../app/inc -I../Middlewares/Third_Party/FreeRTOS/Source/include -I../Middlewares/Third_Party/FreeRTOS/Source/CMSIS_RTOS -I../Middlewares/Third_Party/FreeRTOS/Source/portable/GCC/ARM_CM3 -O0 -ffunction-sections -fdata-sections -Wall -fstack-usage -fcyclomatic-complexity -MMD -MP -MF"app/src/task_led.d" -MT"app/src/task_led.o" --specs=nano.specs -mfloat-abi=soft -mthumb -o "app/src/task_led.o"
arm-none-eabi-gcc -o "soe-tp1_04-application.elf" @"objects.list"  -lrdimon -mcpu=cortex-m3 -T"C:\Users\mateo\STM32CubeIDE\soe_workspace\soe-tp1_04-application\STM32F103RBTX_FLASH.ld" --specs=nosys.specs -Wl,-Map="soe-tp1_04-application.map" -Wl,--gc-sections -static -specs=rdimon.specs --specs=nano.specs -mfloat-abi=soft -mthumb -Wl,--start-group -lc -lm -Wl,--end-group
Finished building target: soe-tp1_04-application.elf
 
arm-none-eabi-size  soe-tp1_04-application.elf 
arm-none-eabi-objdump -h -S soe-tp1_04-application.elf  > "soe-tp1_04-application.list"
   text	   data	    bss	    dec	    hex	filename
  21152	    148	   6420	  27720	   6c48	soe-tp1_04-application.elf
Finished building: default.size.stdout
 
Finished building: soe-tp1_04-application.list
 

18:24:35 Build Finished. 0 errors, 0 warnings. (took 967ms)

